dh_update_autotools_config
dh_autoreconf
dh_auto_configure
dh_auto_configure
dh_auto_build
dh_prep
dh_installdirs
dh_auto_install
dh_auto_install
dh_install
dh_install
dh_installdocs
dh_installchangelogs
dh_installexamples
dh_installman
dh_installdebconf
dh_systemd_enable
dh_installinit
dh_systemd_start
dh_installlogcheck
dh_installlogrotate
dh_lintian
dh_perl
dh_link
dh_strip_nondeterminism
dh_compress
dh_fixperms
dh_missing
dh_missing
dh_strip
dh_makeshlibs
dh_shlibdeps
dh_installdeb
dh_gencontrol
dh_md5sums
dh_builddeb
